// Jest Snapshot v1, https://goo.gl/fbAQLP

exports[`Game should render correctly 1`] = `
.c0 {
  display: -webkit-box;
  display: -webkit-flex;
  display: -ms-flexbox;
  display: flex;
  -webkit-align-items: center;
  -webkit-box-align: center;
  -ms-flex-align: center;
  align-items: center;
  -webkit-box-pack: space-evenly;
  -webkit-justify-content: space-evenly;
  -ms-flex-pack: space-evenly;
  justify-content: space-evenly;
  -webkit-flex-direction: column;
  -ms-flex-direction: column;
  flex-direction: column;
  overflow: hidden;
  margin: 0 auto;
  width: -webkit-fit-content;
  width: -moz-fit-content;
  width: -webkit-fit-content;
  width: -moz-fit-content;
  width: fit-content;
  height: 100vh;
  padding: 0 5%;
}

.c1 {
  display: -webkit-box;
  display: -webkit-flex;
  display: -ms-flexbox;
  display: flex;
  -webkit-box-pack: justify;
  -webkit-justify-content: space-between;
  -ms-flex-pack: justify;
  justify-content: space-between;
  -webkit-align-items: center;
  -webkit-box-align: center;
  -ms-flex-align: center;
  align-items: center;
  width: 100%;
  border: 3px solid #ffffff59;
  border-radius: 20px;
  padding: 2.5% 5%;
}

.c2 {
  text-transform: uppercase;
  width: 10%;
}

.c3 {
  height: 0px;
  width: 0px;
  display: -webkit-box;
  display: -webkit-flex;
  display: -ms-flexbox;
  display: flex;
  -webkit-align-items: center;
  -webkit-box-align: center;
  -ms-flex-align: center;
  align-items: center;
  -webkit-box-pack: center;
  -webkit-justify-content: center;
  -ms-flex-pack: center;
  justify-content: center;
  padding: 100px;
}

@media only screen and (max-width:768px) {
  .c0 {
    padding: 0;
  }
}

@media only screen and (max-width:768px) {
  .c1 {
    width: 75%;
  }
}

<div
  class="c0"
>
  <div
    class="c1"
  >
    <h1
      class="c2"
    />
    <div
      class=""
    />
  </div>
  <div
    class="c3"
  />
</div>
`;

exports[`Game should render correctly with all props 1`] = `
.c0 {
  display: -webkit-box;
  display: -webkit-flex;
  display: -ms-flexbox;
  display: flex;
  -webkit-align-items: center;
  -webkit-box-align: center;
  -ms-flex-align: center;
  align-items: center;
  -webkit-box-pack: space-evenly;
  -webkit-justify-content: space-evenly;
  -ms-flex-pack: space-evenly;
  justify-content: space-evenly;
  -webkit-flex-direction: column;
  -ms-flex-direction: column;
  flex-direction: column;
  overflow: hidden;
  margin: 0 auto;
  width: -webkit-fit-content;
  width: -moz-fit-content;
  width: -webkit-fit-content;
  width: -moz-fit-content;
  width: fit-content;
  height: 100vh;
  padding: 0 5%;
}

.c1 {
  display: -webkit-box;
  display: -webkit-flex;
  display: -ms-flexbox;
  display: flex;
  -webkit-box-pack: justify;
  -webkit-justify-content: space-between;
  -ms-flex-pack: justify;
  justify-content: space-between;
  -webkit-align-items: center;
  -webkit-box-align: center;
  -ms-flex-align: center;
  align-items: center;
  width: 100%;
  border: 3px solid #ffffff59;
  border-radius: 20px;
  padding: 2.5% 5%;
}

.c2 {
  text-transform: uppercase;
  width: 10%;
}

.c3 {
  height: 0px;
  width: 0px;
  display: -webkit-box;
  display: -webkit-flex;
  display: -ms-flexbox;
  display: flex;
  -webkit-align-items: center;
  -webkit-box-align: center;
  -ms-flex-align: center;
  align-items: center;
  -webkit-box-pack: center;
  -webkit-justify-content: center;
  -ms-flex-pack: center;
  justify-content: center;
  padding: 100px;
}

@media only screen and (max-width:768px) {
  .c0 {
    padding: 0;
  }
}

@media only screen and (max-width:768px) {
  .c1 {
    width: 75%;
  }
}

<div
  class="c0"
>
  <div
    class="c1"
  >
    <h1
      class="c2"
    />
    <div
      class=""
    />
  </div>
  <div
    class="c3"
  />
</div>
`;
