// Jest Snapshot v1, https://goo.gl/fbAQLP

exports[`Game should render correctly 1`] = `
.c18 {
  background: transparent;
  border: 2px solid hsl(217,10%,65%);
  color: #fff;
  padding: 10px;
  font-size: 1rem;
  width: 100%;
  font-family: inherit;
  border-radius: 7px;
  text-transform: uppercase;
  -webkit-letter-spacing: 2px;
  -moz-letter-spacing: 2px;
  -ms-letter-spacing: 2px;
  letter-spacing: 2px;
  cursor: pointer;
  -webkit-transition: -webkit-transform 300ms ease;
  -webkit-transition: transform 300ms ease;
  transition: transform 300ms ease;
}

.c18:hover {
  -webkit-transform: scale(1.05);
  -ms-transform: scale(1.05);
  transform: scale(1.05);
}

.c13 {
  border-radius: 50%;
  padding: 17.919999999999998px 17.919999999999998px 23.89333333333333px;
  width: 149.33333333333331px;
  height: 149.33333333333331px;
  border: none;
  box-shadow: inset 0px -5.973333333333333px 0px 0px rgb(0 0 0 / 30%);
  background: linear-gradient(hsl(230,89%,62%),hsl(230,89%,65%));
  cursor: pointer;
  pointer-events: auto;
}

.c13:active {
  box-shadow: none;
  padding: 12%;
  -webkit-transform: translateY(5.973333333333333px);
  -ms-transform: translateY(5.973333333333333px);
  transform: translateY(5.973333333333333px);
}

.c16 {
  border-radius: 50%;
  padding: 17.919999999999998px 17.919999999999998px 23.89333333333333px;
  width: 149.33333333333331px;
  height: 149.33333333333331px;
  border: none;
  box-shadow: inset 0px -5.973333333333333px 0px 0px rgb(0 0 0 / 30%);
  background: linear-gradient(hsl(39,89%,49%),hsl(40,84%,53%));
  cursor: pointer;
  pointer-events: auto;
}

.c16:active {
  box-shadow: none;
  padding: 12%;
  -webkit-transform: translateY(5.973333333333333px);
  -ms-transform: translateY(5.973333333333333px);
  transform: translateY(5.973333333333333px);
}

.c17 {
  border-radius: 50%;
  padding: 17.919999999999998px 17.919999999999998px 23.89333333333333px;
  width: 149.33333333333331px;
  height: 149.33333333333331px;
  border: none;
  box-shadow: inset 0px -5.973333333333333px 0px 0px rgb(0 0 0 / 30%);
  background: linear-gradient(hsl(349,71%,52%),hsl(349,70%,56%));
  cursor: pointer;
  pointer-events: auto;
}

.c17:active {
  box-shadow: none;
  padding: 12%;
  -webkit-transform: translateY(5.973333333333333px);
  -ms-transform: translateY(5.973333333333333px);
  transform: translateY(5.973333333333333px);
}

.c14 {
  box-shadow: inset 0px 3.733333333333333px 0px 0px rgb(0 0 0 / 20%);
  background: #f1f1f2;
  border-radius: 50%;
  width: 100%;
  height: 100%;
  display: -webkit-box;
  display: -webkit-flex;
  display: -ms-flexbox;
  display: flex;
  -webkit-align-items: center;
  -webkit-box-align: center;
  -ms-flex-align: center;
  align-items: center;
  -webkit-box-pack: center;
  -webkit-justify-content: center;
  -ms-flex-pack: center;
  justify-content: center;
}

.c14:hover {
  background: #fff;
}

.c15 {
  object-fit: contain;
  width: 52.26666666666666px;
  height: 52.26666666666666px;
}

.c10 {
  -webkit-transform: rotate(225deg);
  -ms-transform: rotate(225deg);
  transform: rotate(225deg);
  width: 158.39343798614055px;
  height: 158.39343798614055px;
}

.c11 {
  position: absolute;
  top: 0;
  left: 0;
  width: 100%;
  height: 100%;
}

.c11::after {
  content: "";
  position: absolute;
  -webkit-transform-origin: -10px -10px;
  -ms-transform-origin: -10px -10px;
  transform-origin: -10px -10px;
  height: calc(100% / (3/ 4));
  width: 14.933333333333332px;
  background: rgba(0,0,0,0.2);
  top: 0;
  left: 0;
  -webkit-transform: rotate(-15deg);
  -ms-transform: rotate(-15deg);
  transform: rotate(-15deg);
}

.c12 {
  position: absolute;
}

.c8 {
  -webkit-animation: ceFhYK 1s linear 0s 1;
  animation: ceFhYK 1s linear 0s 1;
  -webkit-animation-fill-mode: both;
  animation-fill-mode: both;
  display: none;
  width: 100%;
}

.c5 {
  display: -webkit-box;
  display: -webkit-flex;
  display: -ms-flexbox;
  display: flex;
  -webkit-align-items: center;
  -webkit-box-align: center;
  -ms-flex-align: center;
  align-items: center;
  -webkit-box-pack: center;
  -webkit-justify-content: center;
  -ms-flex-pack: center;
  justify-content: center;
}

.c5 .c7[value="1"] {
  display: block;
}

.c0 {
  -webkit-animation: hOYTOz 2s linear 0s 1;
  animation: hOYTOz 2s linear 0s 1;
  -webkit-animation-fill-mode: both;
  animation-fill-mode: both;
  overflow: hidden;
  margin: 0 auto;
  height: 98vh;
  display: grid;
  grid-template: ". header header header ." ". game game game ." ". . . . rules";
  grid-template-columns: repeat(5,1fr);
  grid-template-rows: 1fr 60% 0.25fr;
  -webkit-align-items: center;
  -webkit-box-align: center;
  -ms-flex-align: center;
  align-items: center;
  -webkit-box-pack: center;
  -webkit-justify-content: center;
  -ms-flex-pack: center;
  justify-content: center;
}

.c19 {
  -webkit-align-self: center;
  -ms-flex-item-align: center;
  align-self: center;
  grid-area: rules;
  justify-self: end;
  margin: 7.5%;
  border-radius: 8px;
  min-width: 130px;
  width: 20%;
  z-index: 2;
}

.c1 {
  border: 3px solid hsl(217,16%,45%);
  display: -webkit-box;
  display: -webkit-flex;
  display: -ms-flexbox;
  display: flex;
  -webkit-box-pack: justify;
  -webkit-justify-content: space-between;
  -ms-flex-pack: justify;
  justify-content: space-between;
  -webkit-align-items: center;
  -webkit-box-align: center;
  -ms-flex-align: center;
  align-items: center;
  border-radius: 15px;
  padding: 2%;
  grid-area: header;
  width: 80%;
  margin: 10px auto;
  z-index: 2;
}

.c2 {
  text-transform: uppercase;
  line-height: 0.8;
  text-shadow: 1px 1px 5px rgb(0 0 0 / 25%);
  font-weight: normal;
  word-spacing: 100vh;
  -webkit-flex: 0.5;
  -ms-flex: 0.5;
  flex: 0.5;
  font-size: 1.15rem;
  margin: 0 0 0 25px;
}

.c4 {
  font-size: 3rem;
  color: hsl(229,25%,31%);
  margin: -5px;
  -webkit-animation: hOYTOz 1s linear 0s 1;
  animation: hOYTOz 1s linear 0s 1;
  -webkit-animation-fill-mode: both;
  animation-fill-mode: both;
  font-weight: bold;
}

.c4:first-child {
  -webkit-order: 1;
  -ms-flex-order: 1;
  order: 1;
}

.c4:last-child {
  -webkit-order: 3;
  -ms-flex-order: 3;
  order: 3;
}

.c3 {
  background: #fff;
  width: 17.5%;
  border-radius: 7px;
  -webkit-flex-wrap: wrap;
  -ms-flex-wrap: wrap;
  flex-wrap: wrap;
  display: -webkit-box;
  display: -webkit-flex;
  display: -ms-flexbox;
  display: flex;
  -webkit-align-items: center;
  -webkit-box-align: center;
  -ms-flex-align: center;
  align-items: center;
  -webkit-box-pack: center;
  -webkit-justify-content: center;
  -ms-flex-pack: center;
  justify-content: center;
  padding: 4% 3%;
  gap: 0 15%;
}

.c3::before {
  content: "label.score";
  font-size: 1.2rem;
  color: hsl(229,64%,46%);
  text-transform: uppercase;
  -webkit-letter-spacing: 1.5px;
  -moz-letter-spacing: 1.5px;
  -ms-letter-spacing: 1.5px;
  letter-spacing: 1.5px;
  width: 100%;
  text-align: center;
  font-weight: bold;
}

.c3::after {
  content: "x";
  -webkit-order: 2;
  -ms-flex-order: 2;
  order: 2;
  font-size: 2rem;
  color: hsl(229,25%,31%);
  font-weight: bold;
}

.c6 {
  display: -webkit-box;
  display: -webkit-flex;
  display: -ms-flexbox;
  display: flex;
  -webkit-align-items: center;
  -webkit-box-align: center;
  -ms-flex-align: center;
  align-items: center;
  -webkit-box-pack: center;
  -webkit-justify-content: center;
  -ms-flex-pack: center;
  justify-content: center;
  grid-area: game;
  height: 60%;
  z-index: 1;
}

.c9 {
  height: 223.99999999999997px;
  width: 223.99999999999997px;
  display: -webkit-box;
  display: -webkit-flex;
  display: -ms-flexbox;
  display: flex;
  -webkit-align-items: center;
  -webkit-box-align: center;
  -ms-flex-align: center;
  align-items: center;
  -webkit-box-pack: center;
  -webkit-justify-content: center;
  -ms-flex-pack: center;
  justify-content: center;
  padding: 100px;
  margin: 0 auto;
}

@media only screen and (max-width:820px) {
  .c8 {
    height: 100%;
  }
}

@media only screen and (max-width:820px) {
  .c0 {
    display: -webkit-box;
    display: -webkit-flex;
    display: -ms-flexbox;
    display: flex;
    -webkit-flex-direction: column;
    -ms-flex-direction: column;
    flex-direction: column;
    -webkit-box-pack: start;
    -webkit-justify-content: start;
    -ms-flex-pack: start;
    justify-content: start;
    height: auto;
    min-height: 99vh;
  }
}

@media only screen and (max-width:820px) {
  .c19 {
    -webkit-align-self: center;
    -ms-flex-item-align: center;
    align-self: center;
    margin: 5% 0;
  }
}

@media only screen and (min-width:281px) and (max-width:767px) {
  .c1 {
    border-radius: 7px;
    padding: 10px;
  }
}

@media only screen and (max-width:820px) {
  .c2 {
    margin-left: 15px;
  }
}

@media only screen and (min-width:768px) and (max-width:820px) {
  .c4 {
    font-size: 3rem;
  }
}

@media only screen and (min-width:281px) and (max-width:767px) {
  .c4 {
    font-size: 1.5rem;
  }
}

@media only screen and (max-width:280px) {
  .c4 {
    font-size: 1.25rem;
  }
}

@media only screen and (min-width:281px) and (max-width:767px) {
  .c3 {
    border-radius: 3px;
    max-width: 125px;
  }
}

@media only screen and (min-width:281px) and (max-width:767px) {
  .c3::before {
    font-size: 0.7rem;
  }
}

@media only screen and (max-width:280px) {
  .c3::before {
    font-size: 0.5rem;
  }
}

@media only screen and (min-width:281px) and (max-width:767px) {
  .c3::after {
    font-size: 1.5rem;
  }
}

@media only screen and (max-width:280px) {
  .c3::after {
    font-size: 1.25rem;
  }
}

@media only screen and (max-width:820px) {
  .c6 {
    min-height: 60vh;
  }
}

<Component
  theme={
    Object {
      "contrast": Object {
        "high": "hsl(229, 64%, 46%)",
        "low": "hsl(217, 16%, 45%)",
        "medium": "hsl(217,10%,65%)",
      },
      "dark": "hsl(229, 25%, 31%)",
      "primary": "#fff",
      "secondary": "#1f3756",
    }
  }
>
  <Game>
    <styled.div>
      <div
        className="c0"
      >
        <styled.div>
          <div
            className="c1"
          >
            <styled.h1>
              <h1
                className="c2"
              >
                gameName.original
              </h1>
            </styled.h1>
            <styled.div
              label="label.score"
            >
              <div
                className="c3"
                label="label.score"
              >
                <styled.div
                  name="user"
                >
                  <div
                    className="c4"
                    key="0"
                    name="user"
                  >
                    0
                  </div>
                </styled.div>
                <styled.div
                  name="house"
                >
                  <div
                    className="c4"
                    key="0"
                    name="house"
                  >
                    0
                  </div>
                </styled.div>
              </div>
            </styled.div>
          </div>
        </styled.div>
        <Styled(styled.div)
          value={1}
        >
          <div
            className="c5 c6"
            value={1}
          >
            <styled.div
              value={1}
            >
              <div
                className="c7 c8"
                value={1}
              >
                <styled.div
                  size={223.99999999999997}
                >
                  <div
                    className="c9"
                    size={223.99999999999997}
                  >
                    <PolygonalList
                      ItemComponent={[Function]}
                      data={
                        Array [
                          Object {
                            "color": Array [
                              "hsl(230, 89%, 62%)",
                              "hsl(230, 89%, 65%)",
                            ],
                            "icon": "src/images/icon-paper.svg",
                            "name": "paper",
                            "winRules": Object {
                              "rock": true,
                              "scissors": false,
                            },
                          },
                          Object {
                            "color": Array [
                              "hsl(39, 89%, 49%)",
                              "hsl(40, 84%, 53%)",
                            ],
                            "icon": "src/images/icon-scissors.svg",
                            "name": "scissors",
                            "winRules": Object {
                              "paper": true,
                              "rock": false,
                            },
                          },
                          Object {
                            "color": Array [
                              "hsl(349, 71%, 52%)",
                              "hsl(349, 70%, 56%)",
                            ],
                            "icon": "src/images/icon-rock.svg",
                            "name": "rock",
                            "winRules": Object {
                              "paper": false,
                              "scissors": true,
                            },
                          },
                        ]
                      }
                      itemProps={
                        Object {
                          "onClick": [Function],
                          "size": 149.33333333333331,
                        }
                      }
                      itemSize={149.33333333333331}
                      pointingUp={false}
                      size={223.99999999999997}
                    >
                      <styled.div
                        pointingUp={false}
                        size={223.99999999999997}
                      >
                        <div
                          className="c10"
                          size="158.39343798614055px"
                        >
                          <PolygonalListItem
                            ItemComponent={[Function]}
                            data={
                              Array [
                                Object {
                                  "color": Array [
                                    "hsl(230, 89%, 62%)",
                                    "hsl(230, 89%, 65%)",
                                  ],
                                  "icon": "src/images/icon-paper.svg",
                                  "name": "paper",
                                  "winRules": Object {
                                    "rock": true,
                                    "scissors": false,
                                  },
                                },
                                Object {
                                  "color": Array [
                                    "hsl(39, 89%, 49%)",
                                    "hsl(40, 84%, 53%)",
                                  ],
                                  "icon": "src/images/icon-scissors.svg",
                                  "name": "scissors",
                                  "winRules": Object {
                                    "paper": true,
                                    "rock": false,
                                  },
                                },
                                Object {
                                  "color": Array [
                                    "hsl(349, 71%, 52%)",
                                    "hsl(349, 70%, 56%)",
                                  ],
                                  "icon": "src/images/icon-rock.svg",
                                  "name": "rock",
                                  "winRules": Object {
                                    "paper": false,
                                    "scissors": true,
                                  },
                                },
                              ]
                            }
                            index={0}
                            itemProps={
                              Object {
                                "onClick": [Function],
                                "size": 149.33333333333331,
                              }
                            }
                            itemSize={149.33333333333331}
                            length={3}
                            pointingUp={false}
                            polygonExteriorAngle={120}
                          >
                            <styled.div
                              itemSize={149.33333333333331}
                              length={3}
                              polygonExteriorAngle={120}
                              zIndex={3}
                            >
                              <div
                                className="c11"
                                style={
                                  Object {
                                    "transform": "rotate(120deg)",
                                    "zIndex": 3,
                                  }
                                }
                              >
                                <styled.div
                                  index={0}
                                  itemSize={149.33333333333331}
                                  length={3}
                                  pointingUp={false}
                                  polygonExteriorAngle={120}
                                  zIndex={3}
                                >
                                  <div
                                    className="c12"
                                    style={
                                      Object {
                                        "height": "149.33333333333331px",
                                        "left": "-74.66666666666666px",
                                        "top": "-74.66666666666666px",
                                        "transform": "rotate(-345deg)",
                                        "width": "149.33333333333331px",
                                        "zIndex": 3,
                                      }
                                    }
                                  >
                                    <Option
                                      color={
                                        Array [
                                          "hsl(230, 89%, 62%)",
                                          "hsl(230, 89%, 65%)",
                                        ]
                                      }
                                      icon="src/images/icon-paper.svg"
                                      name="paper"
                                      onClick={[Function]}
                                      size={149.33333333333331}
                                      winRules={
                                        Object {
                                          "rock": true,
                                          "scissors": false,
                                        }
                                      }
                                    >
                                      <styled.button
                                        background={
                                          Array [
                                            "hsl(230, 89%, 62%)",
                                            "hsl(230, 89%, 65%)",
                                          ]
                                        }
                                        clickable={true}
                                        id="paper"
                                        onClick={[Function]}
                                        size={149.33333333333331}
                                        type="button"
                                      >
                                        <button
                                          className="c13"
                                          id="paper"
                                          onClick={[Function]}
                                          size={149.33333333333331}
                                          type="button"
                                        >
                                          <styled.div
                                            size={149.33333333333331}
                                          >
                                            <div
                                              className="c14"
                                              size={149.33333333333331}
                                            >
                                              <styled.img
                                                alt="paper"
                                                size={149.33333333333331}
                                                src="src/images/icon-paper.svg"
                                              >
                                                <img
                                                  alt="paper"
                                                  className="c15"
                                                  size="52.26666666666666px"
                                                  src="src/images/icon-paper.svg"
                                                />
                                              </styled.img>
                                            </div>
                                          </styled.div>
                                        </button>
                                      </styled.button>
                                    </Option>
                                  </div>
                                </styled.div>
                                <PolygonalListItem
                                  ItemComponent={[Function]}
                                  data={
                                    Array [
                                      Object {
                                        "color": Array [
                                          "hsl(230, 89%, 62%)",
                                          "hsl(230, 89%, 65%)",
                                        ],
                                        "icon": "src/images/icon-paper.svg",
                                        "name": "paper",
                                        "winRules": Object {
                                          "rock": true,
                                          "scissors": false,
                                        },
                                      },
                                      Object {
                                        "color": Array [
                                          "hsl(39, 89%, 49%)",
                                          "hsl(40, 84%, 53%)",
                                        ],
                                        "icon": "src/images/icon-scissors.svg",
                                        "name": "scissors",
                                        "winRules": Object {
                                          "paper": true,
                                          "rock": false,
                                        },
                                      },
                                      Object {
                                        "color": Array [
                                          "hsl(349, 71%, 52%)",
                                          "hsl(349, 70%, 56%)",
                                        ],
                                        "icon": "src/images/icon-rock.svg",
                                        "name": "rock",
                                        "winRules": Object {
                                          "paper": false,
                                          "scissors": true,
                                        },
                                      },
                                    ]
                                  }
                                  index={1}
                                  itemProps={
                                    Object {
                                      "onClick": [Function],
                                      "size": 149.33333333333331,
                                    }
                                  }
                                  itemSize={149.33333333333331}
                                  length={3}
                                  pointingUp={false}
                                  polygonExteriorAngle={120}
                                >
                                  <styled.div
                                    itemSize={149.33333333333331}
                                    length={3}
                                    polygonExteriorAngle={120}
                                    zIndex={2}
                                  >
                                    <div
                                      className="c11"
                                      style={
                                        Object {
                                          "transform": "rotate(120deg)",
                                          "zIndex": 2,
                                        }
                                      }
                                    >
                                      <styled.div
                                        index={1}
                                        itemSize={149.33333333333331}
                                        length={3}
                                        pointingUp={false}
                                        polygonExteriorAngle={120}
                                        zIndex={2}
                                      >
                                        <div
                                          className="c12"
                                          style={
                                            Object {
                                              "height": "149.33333333333331px",
                                              "left": "-74.66666666666666px",
                                              "top": "-74.66666666666666px",
                                              "transform": "rotate(-465deg)",
                                              "width": "149.33333333333331px",
                                              "zIndex": 2,
                                            }
                                          }
                                        >
                                          <Option
                                            color={
                                              Array [
                                                "hsl(39, 89%, 49%)",
                                                "hsl(40, 84%, 53%)",
                                              ]
                                            }
                                            icon="src/images/icon-scissors.svg"
                                            name="scissors"
                                            onClick={[Function]}
                                            size={149.33333333333331}
                                            winRules={
                                              Object {
                                                "paper": true,
                                                "rock": false,
                                              }
                                            }
                                          >
                                            <styled.button
                                              background={
                                                Array [
                                                  "hsl(39, 89%, 49%)",
                                                  "hsl(40, 84%, 53%)",
                                                ]
                                              }
                                              clickable={true}
                                              id="scissors"
                                              onClick={[Function]}
                                              size={149.33333333333331}
                                              type="button"
                                            >
                                              <button
                                                className="c16"
                                                id="scissors"
                                                onClick={[Function]}
                                                size={149.33333333333331}
                                                type="button"
                                              >
                                                <styled.div
                                                  size={149.33333333333331}
                                                >
                                                  <div
                                                    className="c14"
                                                    size={149.33333333333331}
                                                  >
                                                    <styled.img
                                                      alt="scissors"
                                                      size={149.33333333333331}
                                                      src="src/images/icon-scissors.svg"
                                                    >
                                                      <img
                                                        alt="scissors"
                                                        className="c15"
                                                        size="52.26666666666666px"
                                                        src="src/images/icon-scissors.svg"
                                                      />
                                                    </styled.img>
                                                  </div>
                                                </styled.div>
                                              </button>
                                            </styled.button>
                                          </Option>
                                        </div>
                                      </styled.div>
                                      <PolygonalListItem
                                        ItemComponent={[Function]}
                                        data={
                                          Array [
                                            Object {
                                              "color": Array [
                                                "hsl(230, 89%, 62%)",
                                                "hsl(230, 89%, 65%)",
                                              ],
                                              "icon": "src/images/icon-paper.svg",
                                              "name": "paper",
                                              "winRules": Object {
                                                "rock": true,
                                                "scissors": false,
                                              },
                                            },
                                            Object {
                                              "color": Array [
                                                "hsl(39, 89%, 49%)",
                                                "hsl(40, 84%, 53%)",
                                              ],
                                              "icon": "src/images/icon-scissors.svg",
                                              "name": "scissors",
                                              "winRules": Object {
                                                "paper": true,
                                                "rock": false,
                                              },
                                            },
                                            Object {
                                              "color": Array [
                                                "hsl(349, 71%, 52%)",
                                                "hsl(349, 70%, 56%)",
                                              ],
                                              "icon": "src/images/icon-rock.svg",
                                              "name": "rock",
                                              "winRules": Object {
                                                "paper": false,
                                                "scissors": true,
                                              },
                                            },
                                          ]
                                        }
                                        index={2}
                                        itemProps={
                                          Object {
                                            "onClick": [Function],
                                            "size": 149.33333333333331,
                                          }
                                        }
                                        itemSize={149.33333333333331}
                                        length={3}
                                        pointingUp={false}
                                        polygonExteriorAngle={120}
                                      >
                                        <styled.div
                                          itemSize={149.33333333333331}
                                          length={3}
                                          polygonExteriorAngle={120}
                                          zIndex={1}
                                        >
                                          <div
                                            className="c11"
                                            style={
                                              Object {
                                                "transform": "rotate(120deg)",
                                                "zIndex": 1,
                                              }
                                            }
                                          >
                                            <styled.div
                                              index={2}
                                              itemSize={149.33333333333331}
                                              length={3}
                                              pointingUp={false}
                                              polygonExteriorAngle={120}
                                              zIndex={1}
                                            >
                                              <div
                                                className="c12"
                                                style={
                                                  Object {
                                                    "height": "149.33333333333331px",
                                                    "left": "-74.66666666666666px",
                                                    "top": "-74.66666666666666px",
                                                    "transform": "rotate(-585deg)",
                                                    "width": "149.33333333333331px",
                                                    "zIndex": 1,
                                                  }
                                                }
                                              >
                                                <Option
                                                  color={
                                                    Array [
                                                      "hsl(349, 71%, 52%)",
                                                      "hsl(349, 70%, 56%)",
                                                    ]
                                                  }
                                                  icon="src/images/icon-rock.svg"
                                                  name="rock"
                                                  onClick={[Function]}
                                                  size={149.33333333333331}
                                                  winRules={
                                                    Object {
                                                      "paper": false,
                                                      "scissors": true,
                                                    }
                                                  }
                                                >
                                                  <styled.button
                                                    background={
                                                      Array [
                                                        "hsl(349, 71%, 52%)",
                                                        "hsl(349, 70%, 56%)",
                                                      ]
                                                    }
                                                    clickable={true}
                                                    id="rock"
                                                    onClick={[Function]}
                                                    size={149.33333333333331}
                                                    type="button"
                                                  >
                                                    <button
                                                      className="c17"
                                                      id="rock"
                                                      onClick={[Function]}
                                                      size={149.33333333333331}
                                                      type="button"
                                                    >
                                                      <styled.div
                                                        size={149.33333333333331}
                                                      >
                                                        <div
                                                          className="c14"
                                                          size={149.33333333333331}
                                                        >
                                                          <styled.img
                                                            alt="rock"
                                                            size={149.33333333333331}
                                                            src="src/images/icon-rock.svg"
                                                          >
                                                            <img
                                                              alt="rock"
                                                              className="c15"
                                                              size="52.26666666666666px"
                                                              src="src/images/icon-rock.svg"
                                                            />
                                                          </styled.img>
                                                        </div>
                                                      </styled.div>
                                                    </button>
                                                  </styled.button>
                                                </Option>
                                              </div>
                                            </styled.div>
                                          </div>
                                        </styled.div>
                                      </PolygonalListItem>
                                    </div>
                                  </styled.div>
                                </PolygonalListItem>
                              </div>
                            </styled.div>
                          </PolygonalListItem>
                        </div>
                      </styled.div>
                    </PolygonalList>
                  </div>
                </styled.div>
              </div>
            </styled.div>
            <styled.div
              value={2}
            >
              <div
                className="c7 c8"
                value={2}
              />
            </styled.div>
          </div>
        </Styled(styled.div)>
        <Styled(styled.button)
          onClick={[Function]}
        >
          <button
            className="c18 c19"
            onClick={[Function]}
            type="button"
          >
            label.rulesButton
          </button>
        </Styled(styled.button)>
        <Modal
          onClick={[Function]}
          show={false}
          title="label.rulesModal"
        />
      </div>
    </styled.div>
  </Game>
</Component>
`;
