// Jest Snapshot v1, https://goo.gl/fbAQLP

exports[`PolygonalList should render correctly with all props 1`] = `
.c0 {
  position: relative;
  overflow: hidden;
}

.c1 {
  position: absolute;
  top: 0;
  left: 0;
}

.c1::after {
  content: "";
  -webkit-transform-origin: -10px -10px;
  -ms-transform-origin: -10px -10px;
  transform-origin: -10px -10px;
  position: absolute;
  height: calc(50% / (3 / 4));
  width: 20px;
  background: rgba(0,0,0,0.2);
  -webkit-transform: rotate(calc((90deg - 120deg) / 2));
  -ms-transform: rotate(calc((90deg - 120deg) / 2));
  transform: rotate(calc((90deg - 120deg) / 2));
  top: calc(200px / 2);
  left: calc(200px / 2);
}

.c2 {
  position: absolute;
  top: 0;
  left: 0;
}

<div
  class="c0"
  size="400"
  style="width:400px;height:400px"
>
  <div
    class="c1"
    size="400"
    style="z-index:3;transform:rotate(45deg);top:calc(50% - 400px / 1.4142 / 2);left:calc(50% - 400px / 1.4142 / 2);width:calc(400px / 1.4142);height:calc(400px / 1.4142)"
  >
    <div
      class="c2"
      style="z-index:3;width:200px;height:200px;transform:rotate(calc(((120deg * 0) + 45deg) * -1))"
    />
    <div
      class="c1"
      size="400"
      style="z-index:2;transform:rotate(120deg);width:calc(400px / 1.4142);height:calc(400px / 1.4142)"
    >
      <div
        class="c2"
        style="z-index:2;width:200px;height:200px;transform:rotate(calc(((120deg * 1) + 45deg) * -1))"
      />
      <div
        class="c1"
        size="400"
        style="z-index:1;transform:rotate(120deg);width:calc(400px / 1.4142);height:calc(400px / 1.4142)"
      >
        <div
          class="c2"
          style="z-index:1;width:200px;height:200px;transform:rotate(calc(((120deg * 2) + 45deg) * -1))"
        />
      </div>
    </div>
  </div>
</div>
`;
