// Jest Snapshot v1, https://goo.gl/fbAQLP

exports[`PolygonalList should render correctly with all props 1`] = `
.c0 {
  -webkit-transform: rotate(45deg);
  -ms-transform: rotate(45deg);
  transform: rotate(45deg);
  width: 282.84542497525103px;
  height: 282.84542497525103px;
}

.c1 {
  position: absolute;
  top: 0;
  left: 0;
  width: 100%;
  height: 100%;
}

.c1::after {
  content: "";
  position: absolute;
  -webkit-transform-origin: -10px -10px;
  -ms-transform-origin: -10px -10px;
  transform-origin: -10px -10px;
  height: calc(100% / (3/ 4));
  width: 20px;
  background: rgba(0,0,0,0.2);
  top: 0;
  left: 0;
  -webkit-transform: rotate(-15deg);
  -ms-transform: rotate(-15deg);
  transform: rotate(-15deg);
}

.c2 {
  position: absolute;
}

<PolygonalList
  ItemComponent={[Function]}
  data={
    Array [
      Object {
        "value": "value",
      },
      Object {
        "value": "value",
      },
      Object {
        "value": "value",
      },
    ]
  }
  itemProps={
    Object {
      "onClick": [Function],
    }
  }
  itemSize={200}
  pointingUp={true}
  size={400}
>
  <styled.div
    pointingUp={true}
    size={400}
  >
    <div
      className="c0"
      size="282.84542497525103px"
    >
      <PolygonalListItem
        ItemComponent={[Function]}
        data={
          Array [
            Object {
              "value": "value",
            },
            Object {
              "value": "value",
            },
            Object {
              "value": "value",
            },
          ]
        }
        index={0}
        itemProps={
          Object {
            "onClick": [Function],
          }
        }
        itemSize={200}
        length={3}
        pointingUp={true}
      >
        <styled.div
          itemSize={200}
          length={3}
          zIndex={3}
        >
          <div
            className="c1"
            origin="-10px"
            style={
              Object {
                "transform": "rotate(120deg)",
                "zIndex": 3,
              }
            }
          >
            <styled.div
              index={0}
              itemSize={200}
              length={3}
              pointingUp={true}
              zIndex={3}
            >
              <div
                className="c2"
                style={
                  Object {
                    "height": "200px",
                    "left": "-100px",
                    "top": "-100px",
                    "transform": "rotate(-165deg)",
                    "width": "200px",
                    "zIndex": 3,
                  }
                }
              >
                <ItemComponent
                  onClick={[Function]}
                  value="value"
                >
                  <button
                    onClick={[Function]}
                  >
                    value
                  </button>
                </ItemComponent>
              </div>
            </styled.div>
            <PolygonalListItem
              ItemComponent={[Function]}
              data={
                Array [
                  Object {
                    "value": "value",
                  },
                  Object {
                    "value": "value",
                  },
                  Object {
                    "value": "value",
                  },
                ]
              }
              index={1}
              itemProps={
                Object {
                  "onClick": [Function],
                }
              }
              itemSize={200}
              length={3}
              pointingUp={true}
            >
              <styled.div
                itemSize={200}
                length={3}
                zIndex={2}
              >
                <div
                  className="c1"
                  origin="-10px"
                  style={
                    Object {
                      "transform": "rotate(120deg)",
                      "zIndex": 2,
                    }
                  }
                >
                  <styled.div
                    index={1}
                    itemSize={200}
                    length={3}
                    pointingUp={true}
                    zIndex={2}
                  >
                    <div
                      className="c2"
                      style={
                        Object {
                          "height": "200px",
                          "left": "-100px",
                          "top": "-100px",
                          "transform": "rotate(-285deg)",
                          "width": "200px",
                          "zIndex": 2,
                        }
                      }
                    >
                      <ItemComponent
                        onClick={[Function]}
                        value="value"
                      >
                        <button
                          onClick={[Function]}
                        >
                          value
                        </button>
                      </ItemComponent>
                    </div>
                  </styled.div>
                  <PolygonalListItem
                    ItemComponent={[Function]}
                    data={
                      Array [
                        Object {
                          "value": "value",
                        },
                        Object {
                          "value": "value",
                        },
                        Object {
                          "value": "value",
                        },
                      ]
                    }
                    index={2}
                    itemProps={
                      Object {
                        "onClick": [Function],
                      }
                    }
                    itemSize={200}
                    length={3}
                    pointingUp={true}
                  >
                    <styled.div
                      itemSize={200}
                      length={3}
                      zIndex={1}
                    >
                      <div
                        className="c1"
                        origin="-10px"
                        style={
                          Object {
                            "transform": "rotate(120deg)",
                            "zIndex": 1,
                          }
                        }
                      >
                        <styled.div
                          index={2}
                          itemSize={200}
                          length={3}
                          pointingUp={true}
                          zIndex={1}
                        >
                          <div
                            className="c2"
                            style={
                              Object {
                                "height": "200px",
                                "left": "-100px",
                                "top": "-100px",
                                "transform": "rotate(-405deg)",
                                "width": "200px",
                                "zIndex": 1,
                              }
                            }
                          >
                            <ItemComponent
                              onClick={[Function]}
                              value="value"
                            >
                              <button
                                onClick={[Function]}
                              >
                                value
                              </button>
                            </ItemComponent>
                          </div>
                        </styled.div>
                      </div>
                    </styled.div>
                  </PolygonalListItem>
                </div>
              </styled.div>
            </PolygonalListItem>
          </div>
        </styled.div>
      </PolygonalListItem>
    </div>
  </styled.div>
</PolygonalList>
`;
